
> build
> vite build

node.exe : [31mfailed 
to load config from D:\
P30\graduate-career-mai
n\vite.config.js[39m
At line:1 char:1
+ & "C:\Program 
Files\nodejs/node.exe" 
"C:\Program 
Files\nodejs/node_mo 
...
+ ~~~~~~~~~~~~~~~~~~~~~
~~~~~~~~~~~~~~~~~~~~~~~
~~~~~~~~~~~~~~~~~~~~~~~
~~
    + CategoryInfo     
         : NotSpecifi  
  ed: ([31mfailed t   
 o ....config.js[3    
9m:String) [], Rem    
oteException
    + FullyQualifiedEr 
   rorId : NativeComm  
  andError
 
[31merror during 
build:
Error [ERR_PACKAGE_PATH
_NOT_EXPORTED]: 
Package subpath 
'./internal' is not 
defined by "exports" 
in D:\P30\graduate-care
er-main\node_modules\vi
te\package.json 
imported from D:\P30\gr
aduate-career-main\node
_modules\@vitejs\plugin
-react\dist\index.js
    at exportsNotFound 
(node:internal/modules/
esm/resolve:313:10)
    at 
packageExportsResolve (
node:internal/modules/e
sm/resolve:660:9)
    at packageResolve (
node:internal/modules/e
sm/resolve:773:12)
    at moduleResolve (n
ode:internal/modules/es
m/resolve:853:18)
    at defaultResolve (
node:internal/modules/e
sm/resolve:983:11)
    at ModuleLoader.def
aultResolve (node:inter
nal/modules/esm/loader:
783:12)
    at 
#cachedDefaultResolve (
node:internal/modules/e
sm/loader:707:25)
    at 
ModuleLoader.resolve (n
ode:internal/modules/es
m/loader:690:38)
    at ModuleLoader.get
ModuleJobForImport (nod
e:internal/modules/esm/
loader:307:38)
    at ModuleJob._link 
(node:internal/modules/
esm/module_job:183:49)
[39m
